18:24:54 DEBUG : Logs will be stored at 'C:/Users/Char/Documents/ECE_520/Fall_26/axi_gpio_caa/axi_gpio_vitis/IDE.log'.
18:25:01 INFO  : Launching XSCT server: xsct.bat -n  -interactive C:\Users\Char\Documents\ECE_520\Fall_26\axi_gpio_caa\axi_gpio_vitis\temp_xsdb_launch_script.tcl
18:25:01 INFO  : Registering command handlers for Vitis TCF services
18:25:01 INFO  : Platform repository initialization has completed.
18:25:05 INFO  : XSCT server has started successfully.
18:25:06 INFO  : plnx-install-location is set to ''
18:25:06 INFO  : Successfully done setting XSCT server connection channel  
18:25:06 INFO  : Successfully done query RDI_DATADIR 
18:25:06 INFO  : Successfully done setting workspace for the tool. 
18:28:03 INFO  : Result from executing command 'getProjects': axi_gpio_platform
18:28:03 INFO  : Result from executing command 'getPlatforms': xilinx_zcu102_base_202310_1|C:/Xilinx/Vitis/2023.1/base_platforms/xilinx_zcu102_base_202310_1/xilinx_zcu102_base_202310_1.xpfm;xilinx_zcu102_base_dfx_202310_1|C:/Xilinx/Vitis/2023.1/base_platforms/xilinx_zcu102_base_dfx_202310_1/xilinx_zcu102_base_dfx_202310_1.xpfm;xilinx_zcu104_base_202310_1|C:/Xilinx/Vitis/2023.1/base_platforms/xilinx_zcu104_base_202310_1/xilinx_zcu104_base_202310_1.xpfm
18:28:46 INFO  : Result from executing command 'getProjects': axi_gpio_platform
18:28:46 INFO  : Result from executing command 'getPlatforms': axi_gpio_platform|C:/Users/Char/Documents/ECE_520/Fall_26/axi_gpio_caa/axi_gpio_vitis/axi_gpio_platform/export/axi_gpio_platform/axi_gpio_platform.xpfm;xilinx_zcu102_base_202310_1|C:/Xilinx/Vitis/2023.1/base_platforms/xilinx_zcu102_base_202310_1/xilinx_zcu102_base_202310_1.xpfm;xilinx_zcu102_base_dfx_202310_1|C:/Xilinx/Vitis/2023.1/base_platforms/xilinx_zcu102_base_dfx_202310_1/xilinx_zcu102_base_dfx_202310_1.xpfm;xilinx_zcu104_base_202310_1|C:/Xilinx/Vitis/2023.1/base_platforms/xilinx_zcu104_base_202310_1/xilinx_zcu104_base_202310_1.xpfm
18:31:42 INFO  : Checking for BSP changes to sync application flags for project 'axi_gpio_app'...
18:33:16 INFO  : Connected to target on host '127.0.0.1' and port '3121'.
18:33:16 INFO  : Jtag cable 'Digilent Zybo Z7 210351BE7B1CA' is selected.
18:33:16 INFO  : 'jtag frequency' command is executed.
18:33:16 INFO  : Context for 'APU' is selected.
18:33:16 INFO  : System reset is completed.
18:33:19 INFO  : 'after 3000' command is executed.
18:33:20 INFO  : 'targets -set -filter {jtag_cable_name =~ "Digilent Zybo Z7 210351BE7B1CA" && level==0 && jtag_device_ctx=="jsn-Zybo Z7-210351BE7B1CA-13722093-0"}' command is executed.
18:33:21 INFO  : Device configured successfully with "C:/Users/Char/Documents/ECE_520/Fall_26/axi_gpio_caa/axi_gpio_vitis/axi_gpio_app/_ide/bitstream/axi_gpio_caa_wrapper.bit"
18:33:21 INFO  : Context for 'APU' is selected.
18:33:21 INFO  : Hardware design and registers information is loaded from 'C:/Users/Char/Documents/ECE_520/Fall_26/axi_gpio_caa/axi_gpio_vitis/axi_gpio_platform/export/axi_gpio_platform/hw/axi_gpio_caa_wrapper.xsa'.
18:33:21 INFO  : 'configparams force-mem-access 1' command is executed.
18:33:21 INFO  : Context for 'APU' is selected.
18:33:21 INFO  : Sourcing of 'C:/Users/Char/Documents/ECE_520/Fall_26/axi_gpio_caa/axi_gpio_vitis/axi_gpio_app/_ide/psinit/ps7_init.tcl' is done.
18:33:22 INFO  : 'ps7_init' command is executed.
18:33:22 INFO  : 'ps7_post_config' command is executed.
18:33:22 INFO  : Context for processor 'ps7_cortexa9_0' is selected.
18:33:22 INFO  : The application 'C:/Users/Char/Documents/ECE_520/Fall_26/axi_gpio_caa/axi_gpio_vitis/axi_gpio_app/Debug/axi_gpio_app.elf' is downloaded to processor 'ps7_cortexa9_0'.
18:33:22 INFO  : 'configparams force-mem-access 0' command is executed.
18:33:22 INFO  : ----------------XSDB Script----------------
connect -url tcp:127.0.0.1:3121
targets -set -nocase -filter {name =~"APU*"}
rst -system
after 3000
targets -set -filter {jtag_cable_name =~ "Digilent Zybo Z7 210351BE7B1CA" && level==0 && jtag_device_ctx=="jsn-Zybo Z7-210351BE7B1CA-13722093-0"}
fpga -file C:/Users/Char/Documents/ECE_520/Fall_26/axi_gpio_caa/axi_gpio_vitis/axi_gpio_app/_ide/bitstream/axi_gpio_caa_wrapper.bit
targets -set -nocase -filter {name =~"APU*"}
loadhw -hw C:/Users/Char/Documents/ECE_520/Fall_26/axi_gpio_caa/axi_gpio_vitis/axi_gpio_platform/export/axi_gpio_platform/hw/axi_gpio_caa_wrapper.xsa -mem-ranges [list {0x40000000 0xbfffffff}] -regs
configparams force-mem-access 1
targets -set -nocase -filter {name =~"APU*"}
source C:/Users/Char/Documents/ECE_520/Fall_26/axi_gpio_caa/axi_gpio_vitis/axi_gpio_app/_ide/psinit/ps7_init.tcl
ps7_init
ps7_post_config
targets -set -nocase -filter {name =~ "*A9*#0"}
dow C:/Users/Char/Documents/ECE_520/Fall_26/axi_gpio_caa/axi_gpio_vitis/axi_gpio_app/Debug/axi_gpio_app.elf
configparams force-mem-access 0
----------------End of Script----------------

18:33:22 INFO  : Context for processor 'ps7_cortexa9_0' is selected.
18:33:22 INFO  : 'con' command is executed.
18:33:22 INFO  : ----------------XSDB Script (After Launch)----------------
targets -set -nocase -filter {name =~ "*A9*#0"}
con
----------------End of Script----------------

18:33:22 INFO  : Launch script is exported to file 'C:\Users\Char\Documents\ECE_520\Fall_26\axi_gpio_caa\axi_gpio_vitis\axi_gpio_app_system\_ide\scripts\debugger_axi_gpio_app-default.tcl'
18:35:16 INFO  : Disconnected from the channel tcfchan#3.
18:35:17 INFO  : Connected to target on host '127.0.0.1' and port '3121'.
18:35:17 INFO  : Jtag cable 'Digilent Zybo Z7 210351BE7B1CA' is selected.
18:35:17 INFO  : 'jtag frequency' command is executed.
18:35:17 INFO  : Context for 'APU' is selected.
18:35:17 INFO  : System reset is completed.
18:35:20 INFO  : 'after 3000' command is executed.
18:35:20 INFO  : 'targets -set -filter {jtag_cable_name =~ "Digilent Zybo Z7 210351BE7B1CA" && level==0 && jtag_device_ctx=="jsn-Zybo Z7-210351BE7B1CA-13722093-0"}' command is executed.
18:35:21 INFO  : Device configured successfully with "C:/Users/Char/Documents/ECE_520/Fall_26/axi_gpio_caa/axi_gpio_vitis/axi_gpio_app/_ide/bitstream/axi_gpio_caa_wrapper.bit"
18:35:21 INFO  : Context for 'APU' is selected.
18:35:21 INFO  : Hardware design and registers information is loaded from 'C:/Users/Char/Documents/ECE_520/Fall_26/axi_gpio_caa/axi_gpio_vitis/axi_gpio_platform/export/axi_gpio_platform/hw/axi_gpio_caa_wrapper.xsa'.
18:35:21 INFO  : 'configparams force-mem-access 1' command is executed.
18:35:21 INFO  : Context for 'APU' is selected.
18:35:21 INFO  : Sourcing of 'C:/Users/Char/Documents/ECE_520/Fall_26/axi_gpio_caa/axi_gpio_vitis/axi_gpio_app/_ide/psinit/ps7_init.tcl' is done.
18:35:22 INFO  : 'ps7_init' command is executed.
18:35:22 INFO  : 'ps7_post_config' command is executed.
18:35:22 INFO  : Context for processor 'ps7_cortexa9_0' is selected.
18:35:22 INFO  : The application 'C:/Users/Char/Documents/ECE_520/Fall_26/axi_gpio_caa/axi_gpio_vitis/axi_gpio_app/Debug/axi_gpio_app.elf' is downloaded to processor 'ps7_cortexa9_0'.
18:35:22 INFO  : 'configparams force-mem-access 0' command is executed.
18:35:22 INFO  : ----------------XSDB Script----------------
connect -url tcp:127.0.0.1:3121
targets -set -nocase -filter {name =~"APU*"}
rst -system
after 3000
targets -set -filter {jtag_cable_name =~ "Digilent Zybo Z7 210351BE7B1CA" && level==0 && jtag_device_ctx=="jsn-Zybo Z7-210351BE7B1CA-13722093-0"}
fpga -file C:/Users/Char/Documents/ECE_520/Fall_26/axi_gpio_caa/axi_gpio_vitis/axi_gpio_app/_ide/bitstream/axi_gpio_caa_wrapper.bit
targets -set -nocase -filter {name =~"APU*"}
loadhw -hw C:/Users/Char/Documents/ECE_520/Fall_26/axi_gpio_caa/axi_gpio_vitis/axi_gpio_platform/export/axi_gpio_platform/hw/axi_gpio_caa_wrapper.xsa -mem-ranges [list {0x40000000 0xbfffffff}] -regs
configparams force-mem-access 1
targets -set -nocase -filter {name =~"APU*"}
source C:/Users/Char/Documents/ECE_520/Fall_26/axi_gpio_caa/axi_gpio_vitis/axi_gpio_app/_ide/psinit/ps7_init.tcl
ps7_init
ps7_post_config
targets -set -nocase -filter {name =~ "*A9*#0"}
dow C:/Users/Char/Documents/ECE_520/Fall_26/axi_gpio_caa/axi_gpio_vitis/axi_gpio_app/Debug/axi_gpio_app.elf
configparams force-mem-access 0
----------------End of Script----------------

18:35:22 INFO  : Context for processor 'ps7_cortexa9_0' is selected.
18:35:22 INFO  : 'con' command is executed.
18:35:22 INFO  : ----------------XSDB Script (After Launch)----------------
targets -set -nocase -filter {name =~ "*A9*#0"}
con
----------------End of Script----------------

18:35:22 INFO  : Launch script is exported to file 'C:\Users\Char\Documents\ECE_520\Fall_26\axi_gpio_caa\axi_gpio_vitis\axi_gpio_app_system\_ide\scripts\debugger_axi_gpio_app-default.tcl'
18:36:30 INFO  : Checking for BSP changes to sync application flags for project 'axi_gpio_app'...
18:36:46 INFO  : Disconnected from the channel tcfchan#4.
18:36:47 INFO  : Connected to target on host '127.0.0.1' and port '3121'.
18:36:47 INFO  : Jtag cable 'Digilent Zybo Z7 210351BE7AA2A' is selected.
18:36:47 ERROR : port closed
18:36:47 INFO  : ----------------XSDB Script----------------
connect -url tcp:127.0.0.1:3121
----------------End of Script----------------

18:36:47 ERROR : port closed
18:36:54 INFO  : Checking for BSP changes to sync application flags for project 'axi_gpio_app'...
18:37:02 INFO  : Connected to target on host '127.0.0.1' and port '3121'.
18:37:02 INFO  : Jtag cable 'Digilent Zybo Z7 210351BE7AA2A' is selected.
18:37:02 INFO  : 'jtag frequency' command is executed.
18:37:02 INFO  : Context for 'APU' is selected.
18:37:02 INFO  : System reset is completed.
18:37:05 INFO  : 'after 3000' command is executed.
18:37:05 INFO  : 'targets -set -filter {jtag_cable_name =~ "Digilent Zybo Z7 210351BE7AA2A" && level==0 && jtag_device_ctx=="jsn-Zybo Z7-210351BE7AA2A-13722093-0"}' command is executed.
18:37:07 INFO  : Device configured successfully with "C:/Users/Char/Documents/ECE_520/Fall_26/axi_gpio_caa/axi_gpio_vitis/axi_gpio_app/_ide/bitstream/axi_gpio_caa_wrapper.bit"
18:37:07 INFO  : Context for 'APU' is selected.
18:37:07 INFO  : Hardware design and registers information is loaded from 'C:/Users/Char/Documents/ECE_520/Fall_26/axi_gpio_caa/axi_gpio_vitis/axi_gpio_platform/export/axi_gpio_platform/hw/axi_gpio_caa_wrapper.xsa'.
18:37:07 INFO  : 'configparams force-mem-access 1' command is executed.
18:37:07 INFO  : Context for 'APU' is selected.
18:37:07 INFO  : Sourcing of 'C:/Users/Char/Documents/ECE_520/Fall_26/axi_gpio_caa/axi_gpio_vitis/axi_gpio_app/_ide/psinit/ps7_init.tcl' is done.
18:37:07 INFO  : 'ps7_init' command is executed.
18:37:07 INFO  : 'ps7_post_config' command is executed.
18:37:07 INFO  : Context for processor 'ps7_cortexa9_0' is selected.
18:37:07 INFO  : The application 'C:/Users/Char/Documents/ECE_520/Fall_26/axi_gpio_caa/axi_gpio_vitis/axi_gpio_app/Debug/axi_gpio_app.elf' is downloaded to processor 'ps7_cortexa9_0'.
18:37:07 INFO  : 'configparams force-mem-access 0' command is executed.
18:37:07 INFO  : ----------------XSDB Script----------------
connect -url tcp:127.0.0.1:3121
targets -set -nocase -filter {name =~"APU*"}
rst -system
after 3000
targets -set -filter {jtag_cable_name =~ "Digilent Zybo Z7 210351BE7AA2A" && level==0 && jtag_device_ctx=="jsn-Zybo Z7-210351BE7AA2A-13722093-0"}
fpga -file C:/Users/Char/Documents/ECE_520/Fall_26/axi_gpio_caa/axi_gpio_vitis/axi_gpio_app/_ide/bitstream/axi_gpio_caa_wrapper.bit
targets -set -nocase -filter {name =~"APU*"}
loadhw -hw C:/Users/Char/Documents/ECE_520/Fall_26/axi_gpio_caa/axi_gpio_vitis/axi_gpio_platform/export/axi_gpio_platform/hw/axi_gpio_caa_wrapper.xsa -mem-ranges [list {0x40000000 0xbfffffff}] -regs
configparams force-mem-access 1
targets -set -nocase -filter {name =~"APU*"}
source C:/Users/Char/Documents/ECE_520/Fall_26/axi_gpio_caa/axi_gpio_vitis/axi_gpio_app/_ide/psinit/ps7_init.tcl
ps7_init
ps7_post_config
targets -set -nocase -filter {name =~ "*A9*#0"}
dow C:/Users/Char/Documents/ECE_520/Fall_26/axi_gpio_caa/axi_gpio_vitis/axi_gpio_app/Debug/axi_gpio_app.elf
configparams force-mem-access 0
----------------End of Script----------------

18:37:07 INFO  : Context for processor 'ps7_cortexa9_0' is selected.
18:37:07 INFO  : 'con' command is executed.
18:37:07 INFO  : ----------------XSDB Script (After Launch)----------------
targets -set -nocase -filter {name =~ "*A9*#0"}
con
----------------End of Script----------------

18:37:07 INFO  : Launch script is exported to file 'C:\Users\Char\Documents\ECE_520\Fall_26\axi_gpio_caa\axi_gpio_vitis\axi_gpio_app_system\_ide\scripts\debugger_axi_gpio_app-default.tcl'
18:42:49 INFO  : Result from executing command 'getProjects': axi_gpio_platform
18:42:49 INFO  : Result from executing command 'getPlatforms': xilinx_zcu102_base_202310_1|C:/Xilinx/Vitis/2023.1/base_platforms/xilinx_zcu102_base_202310_1/xilinx_zcu102_base_202310_1.xpfm;xilinx_zcu102_base_dfx_202310_1|C:/Xilinx/Vitis/2023.1/base_platforms/xilinx_zcu102_base_dfx_202310_1/xilinx_zcu102_base_dfx_202310_1.xpfm;xilinx_zcu104_base_202310_1|C:/Xilinx/Vitis/2023.1/base_platforms/xilinx_zcu104_base_202310_1/xilinx_zcu104_base_202310_1.xpfm
18:43:39 INFO  : Result from executing command 'getProjects': axi_gpio_platform
18:43:39 INFO  : Result from executing command 'getPlatforms': axi_gpio_platform|C:/Users/Char/Documents/ECE_520/Fall_26/axi_gpio_caa/axi_gpio_vitis/axi_gpio_platform/export/axi_gpio_platform/axi_gpio_platform.xpfm;xilinx_zcu102_base_202310_1|C:/Xilinx/Vitis/2023.1/base_platforms/xilinx_zcu102_base_202310_1/xilinx_zcu102_base_202310_1.xpfm;xilinx_zcu102_base_dfx_202310_1|C:/Xilinx/Vitis/2023.1/base_platforms/xilinx_zcu102_base_dfx_202310_1/xilinx_zcu102_base_dfx_202310_1.xpfm;xilinx_zcu104_base_202310_1|C:/Xilinx/Vitis/2023.1/base_platforms/xilinx_zcu104_base_202310_1/xilinx_zcu104_base_202310_1.xpfm
18:44:02 INFO  : Checking for BSP changes to sync application flags for project 'axi_gpio_app'...
18:44:16 INFO  : Connected to target on host '127.0.0.1' and port '3121'.
18:44:16 INFO  : Jtag cable 'Digilent Zybo Z7 210351BE7AA2A' is selected.
18:44:16 INFO  : 'jtag frequency' command is executed.
18:44:16 INFO  : Context for 'APU' is selected.
18:44:16 INFO  : System reset is completed.
18:44:19 INFO  : 'after 3000' command is executed.
18:44:19 INFO  : 'targets -set -filter {jtag_cable_name =~ "Digilent Zybo Z7 210351BE7AA2A" && level==0 && jtag_device_ctx=="jsn-Zybo Z7-210351BE7AA2A-13722093-0"}' command is executed.
18:44:20 INFO  : Device configured successfully with "C:/Users/Char/Documents/ECE_520/Fall_26/axi_gpio_caa/axi_gpio_vitis/axi_gpio_app/_ide/bitstream/axi_gpio_caa_wrapper.bit"
18:44:20 INFO  : Context for 'APU' is selected.
18:44:20 INFO  : Hardware design and registers information is loaded from 'C:/Users/Char/Documents/ECE_520/Fall_26/axi_gpio_caa/axi_gpio_vitis/axi_gpio_platform/export/axi_gpio_platform/hw/axi_gpio_caa_wrapper.xsa'.
18:44:20 INFO  : 'configparams force-mem-access 1' command is executed.
18:44:20 INFO  : Context for 'APU' is selected.
18:44:20 INFO  : Sourcing of 'C:/Users/Char/Documents/ECE_520/Fall_26/axi_gpio_caa/axi_gpio_vitis/axi_gpio_app/_ide/psinit/ps7_init.tcl' is done.
18:44:21 INFO  : 'ps7_init' command is executed.
18:44:21 INFO  : 'ps7_post_config' command is executed.
18:44:21 INFO  : Context for processor 'ps7_cortexa9_0' is selected.
18:44:21 INFO  : The application 'C:/Users/Char/Documents/ECE_520/Fall_26/axi_gpio_caa/axi_gpio_vitis/axi_gpio_app/Debug/axi_gpio_app.elf' is downloaded to processor 'ps7_cortexa9_0'.
18:44:21 INFO  : 'configparams force-mem-access 0' command is executed.
18:44:21 INFO  : ----------------XSDB Script----------------
connect -url tcp:127.0.0.1:3121
targets -set -nocase -filter {name =~"APU*"}
rst -system
after 3000
targets -set -filter {jtag_cable_name =~ "Digilent Zybo Z7 210351BE7AA2A" && level==0 && jtag_device_ctx=="jsn-Zybo Z7-210351BE7AA2A-13722093-0"}
fpga -file C:/Users/Char/Documents/ECE_520/Fall_26/axi_gpio_caa/axi_gpio_vitis/axi_gpio_app/_ide/bitstream/axi_gpio_caa_wrapper.bit
targets -set -nocase -filter {name =~"APU*"}
loadhw -hw C:/Users/Char/Documents/ECE_520/Fall_26/axi_gpio_caa/axi_gpio_vitis/axi_gpio_platform/export/axi_gpio_platform/hw/axi_gpio_caa_wrapper.xsa -mem-ranges [list {0x40000000 0xbfffffff}] -regs
configparams force-mem-access 1
targets -set -nocase -filter {name =~"APU*"}
source C:/Users/Char/Documents/ECE_520/Fall_26/axi_gpio_caa/axi_gpio_vitis/axi_gpio_app/_ide/psinit/ps7_init.tcl
ps7_init
ps7_post_config
targets -set -nocase -filter {name =~ "*A9*#0"}
dow C:/Users/Char/Documents/ECE_520/Fall_26/axi_gpio_caa/axi_gpio_vitis/axi_gpio_app/Debug/axi_gpio_app.elf
configparams force-mem-access 0
----------------End of Script----------------

18:44:21 INFO  : Context for processor 'ps7_cortexa9_0' is selected.
18:44:21 INFO  : 'con' command is executed.
18:44:21 INFO  : ----------------XSDB Script (After Launch)----------------
targets -set -nocase -filter {name =~ "*A9*#0"}
con
----------------End of Script----------------

18:44:21 INFO  : Launch script is exported to file 'C:\Users\Char\Documents\ECE_520\Fall_26\axi_gpio_caa\axi_gpio_vitis\axi_gpio_app_system\_ide\scripts\debugger_axi_gpio_app-default.tcl'
18:54:58 INFO  : Result from executing command 'getProjects': axi_gpio_plat
18:54:58 INFO  : Result from executing command 'getPlatforms': xilinx_zcu102_base_202310_1|C:/Xilinx/Vitis/2023.1/base_platforms/xilinx_zcu102_base_202310_1/xilinx_zcu102_base_202310_1.xpfm;xilinx_zcu102_base_dfx_202310_1|C:/Xilinx/Vitis/2023.1/base_platforms/xilinx_zcu102_base_dfx_202310_1/xilinx_zcu102_base_dfx_202310_1.xpfm;xilinx_zcu104_base_202310_1|C:/Xilinx/Vitis/2023.1/base_platforms/xilinx_zcu104_base_202310_1/xilinx_zcu104_base_202310_1.xpfm
18:55:32 INFO  : Result from executing command 'getProjects': axi_gpio_plat
18:55:32 INFO  : Result from executing command 'getPlatforms': axi_gpio_plat|C:/Users/Char/Documents/ECE_520/Fall_26/axi_gpio_caa/axi_gpio_vitis/axi_gpio_plat/export/axi_gpio_plat/axi_gpio_plat.xpfm;xilinx_zcu102_base_202310_1|C:/Xilinx/Vitis/2023.1/base_platforms/xilinx_zcu102_base_202310_1/xilinx_zcu102_base_202310_1.xpfm;xilinx_zcu102_base_dfx_202310_1|C:/Xilinx/Vitis/2023.1/base_platforms/xilinx_zcu102_base_dfx_202310_1/xilinx_zcu102_base_dfx_202310_1.xpfm;xilinx_zcu104_base_202310_1|C:/Xilinx/Vitis/2023.1/base_platforms/xilinx_zcu104_base_202310_1/xilinx_zcu104_base_202310_1.xpfm
18:57:02 INFO  : Checking for BSP changes to sync application flags for project 'axi_gpio_app'...
18:57:43 INFO  : Connected to target on host '127.0.0.1' and port '3121'.
18:57:44 INFO  : Jtag cable 'Digilent Zybo Z7 210351BE7AA2A' is selected.
18:57:44 INFO  : 'jtag frequency' command is executed.
18:57:44 INFO  : Context for 'APU' is selected.
18:57:44 INFO  : System reset is completed.
18:57:47 INFO  : 'after 3000' command is executed.
18:57:47 INFO  : 'targets -set -filter {jtag_cable_name =~ "Digilent Zybo Z7 210351BE7AA2A" && level==0 && jtag_device_ctx=="jsn-Zybo Z7-210351BE7AA2A-13722093-0"}' command is executed.
18:57:48 INFO  : Device configured successfully with "C:/Users/Char/Documents/ECE_520/Fall_26/axi_gpio_caa/axi_gpio_vitis/axi_gpio_app/_ide/bitstream/axi_gpio_caa_wrapper.bit"
18:57:48 INFO  : Context for 'APU' is selected.
18:57:48 INFO  : Hardware design and registers information is loaded from 'C:/Users/Char/Documents/ECE_520/Fall_26/axi_gpio_caa/axi_gpio_vitis/axi_gpio_plat/export/axi_gpio_plat/hw/axi_gpio_caa_wrapper.xsa'.
18:57:48 INFO  : 'configparams force-mem-access 1' command is executed.
18:57:48 INFO  : Context for 'APU' is selected.
18:57:48 INFO  : Sourcing of 'C:/Users/Char/Documents/ECE_520/Fall_26/axi_gpio_caa/axi_gpio_vitis/axi_gpio_app/_ide/psinit/ps7_init.tcl' is done.
18:57:48 INFO  : 'ps7_init' command is executed.
18:57:48 INFO  : 'ps7_post_config' command is executed.
18:57:48 INFO  : Context for processor 'ps7_cortexa9_0' is selected.
18:57:48 INFO  : The application 'C:/Users/Char/Documents/ECE_520/Fall_26/axi_gpio_caa/axi_gpio_vitis/axi_gpio_app/Debug/axi_gpio_app.elf' is downloaded to processor 'ps7_cortexa9_0'.
18:57:48 INFO  : 'configparams force-mem-access 0' command is executed.
18:57:48 INFO  : ----------------XSDB Script----------------
connect -url tcp:127.0.0.1:3121
targets -set -nocase -filter {name =~"APU*"}
rst -system
after 3000
targets -set -filter {jtag_cable_name =~ "Digilent Zybo Z7 210351BE7AA2A" && level==0 && jtag_device_ctx=="jsn-Zybo Z7-210351BE7AA2A-13722093-0"}
fpga -file C:/Users/Char/Documents/ECE_520/Fall_26/axi_gpio_caa/axi_gpio_vitis/axi_gpio_app/_ide/bitstream/axi_gpio_caa_wrapper.bit
targets -set -nocase -filter {name =~"APU*"}
loadhw -hw C:/Users/Char/Documents/ECE_520/Fall_26/axi_gpio_caa/axi_gpio_vitis/axi_gpio_plat/export/axi_gpio_plat/hw/axi_gpio_caa_wrapper.xsa -mem-ranges [list {0x40000000 0xbfffffff}] -regs
configparams force-mem-access 1
targets -set -nocase -filter {name =~"APU*"}
source C:/Users/Char/Documents/ECE_520/Fall_26/axi_gpio_caa/axi_gpio_vitis/axi_gpio_app/_ide/psinit/ps7_init.tcl
ps7_init
ps7_post_config
targets -set -nocase -filter {name =~ "*A9*#0"}
dow C:/Users/Char/Documents/ECE_520/Fall_26/axi_gpio_caa/axi_gpio_vitis/axi_gpio_app/Debug/axi_gpio_app.elf
configparams force-mem-access 0
----------------End of Script----------------

18:57:48 INFO  : Context for processor 'ps7_cortexa9_0' is selected.
18:57:48 INFO  : 'con' command is executed.
18:57:48 INFO  : ----------------XSDB Script (After Launch)----------------
targets -set -nocase -filter {name =~ "*A9*#0"}
con
----------------End of Script----------------

18:57:48 INFO  : Launch script is exported to file 'C:\Users\Char\Documents\ECE_520\Fall_26\axi_gpio_caa\axi_gpio_vitis\axi_gpio_app_system\_ide\scripts\debugger_axi_gpio_app-default.tcl'
19:03:30 INFO  : Result from executing command 'getProjects': axi_gpio_plat
19:03:30 INFO  : Result from executing command 'getPlatforms': xilinx_zcu102_base_202310_1|C:/Xilinx/Vitis/2023.1/base_platforms/xilinx_zcu102_base_202310_1/xilinx_zcu102_base_202310_1.xpfm;xilinx_zcu102_base_dfx_202310_1|C:/Xilinx/Vitis/2023.1/base_platforms/xilinx_zcu102_base_dfx_202310_1/xilinx_zcu102_base_dfx_202310_1.xpfm;xilinx_zcu104_base_202310_1|C:/Xilinx/Vitis/2023.1/base_platforms/xilinx_zcu104_base_202310_1/xilinx_zcu104_base_202310_1.xpfm
19:03:48 INFO  : Result from executing command 'getProjects': axi_gpio_plat
19:03:48 INFO  : Result from executing command 'getPlatforms': axi_gpio_plat|C:/Users/Char/Documents/ECE_520/Fall_26/axi_gpio_caa/axi_gpio_vitis/axi_gpio_plat/export/axi_gpio_plat/axi_gpio_plat.xpfm;xilinx_zcu102_base_202310_1|C:/Xilinx/Vitis/2023.1/base_platforms/xilinx_zcu102_base_202310_1/xilinx_zcu102_base_202310_1.xpfm;xilinx_zcu102_base_dfx_202310_1|C:/Xilinx/Vitis/2023.1/base_platforms/xilinx_zcu102_base_dfx_202310_1/xilinx_zcu102_base_dfx_202310_1.xpfm;xilinx_zcu104_base_202310_1|C:/Xilinx/Vitis/2023.1/base_platforms/xilinx_zcu104_base_202310_1/xilinx_zcu104_base_202310_1.xpfm
19:04:24 ERROR : 
java.lang.NullPointerException: null
	at com.xilinx.sdk.sw.internal.SwDb.getComponentAppCompilerFlags(SwDb.java:761) ~[?:?]
	at com.xilinx.sdx.sw.internal.SDxSwPlatform.getSwPlatformCompilerFlags(SDxSwPlatform.java:1177) ~[?:?]
	at com.xilinx.sdx.sdk.core.build.AppSwBuildOptionsHelper.inferSwPlatformFlags(AppSwBuildOptionsHelper.java:54) ~[?:?]
	at com.xilinx.sdx.sdk.core.build.AppSwBuildOptionsHelper.updateBuildOptions(AppSwBuildOptionsHelper.java:46) ~[?:?]
	at com.xilinx.sdx.sdk.core.gen.ManagedAppCreator.updateSwBuildOptions(ManagedAppCreator.java:82) ~[?:?]
	at com.xilinx.sdx.sdk.core.gen.ManagedAppCreator.create(ManagedAppCreator.java:54) ~[?:?]
	at com.xilinx.sdx.sdk.core.gen.StandaloneProjectHandler.createCoreApp(StandaloneProjectHandler.java:79) ~[?:?]
	at com.xilinx.sdx.sdk.core.gen.AppCreationHandler.createApplication(AppCreationHandler.java:79) ~[?:?]
	at com.xilinx.sdx.sdk.core.gen.AppCreationHandler.execute(AppCreationHandler.java:69) ~[?:?]
	at com.xilinx.sdx.sdk.core.SdkAppCreationHandler.executeInternal(SdkAppCreationHandler.java:75) ~[?:?]
	at com.xilinx.sdx.sdk.core.SdkAppCreationHandler.lambda$1(SdkAppCreationHandler.java:67) ~[?:?]
	at org.eclipse.core.internal.resources.Workspace.run(Workspace.java:2292) ~[org.eclipse.core.resources_3.13.700.v20200209-1624.jar:?]
	at org.eclipse.core.internal.resources.Workspace.run(Workspace.java:2312) ~[org.eclipse.core.resources_3.13.700.v20200209-1624.jar:?]
	at com.xilinx.sdx.sdk.core.SdkAppCreationHandler.execute(SdkAppCreationHandler.java:66) ~[?:?]
	at com.xilinx.sdx.npw.NewProjectCreationHandler.createApplicationProject(NewProjectCreationHandler.java:237) ~[?:?]
	at com.xilinx.sdx.npw.NewProjectCreationHandler.internalExecute(NewProjectCreationHandler.java:385) ~[?:?]
	at com.xilinx.sdx.npw.NewProjectCreationHandler$1.execute(NewProjectCreationHandler.java:100) ~[?:?]
	at org.eclipse.ui.actions.WorkspaceModifyOperation.lambda$0(WorkspaceModifyOperation.java:110) ~[?:?]
	at org.eclipse.core.internal.resources.Workspace.run(Workspace.java:2292) [org.eclipse.core.resources_3.13.700.v20200209-1624.jar:?]
	at org.eclipse.core.internal.resources.Workspace.run(Workspace.java:2317) [org.eclipse.core.resources_3.13.700.v20200209-1624.jar:?]
	at org.eclipse.ui.actions.WorkspaceModifyOperation.run(WorkspaceModifyOperation.java:131) [org.eclipse.ui.ide_3.17.0.v20200217-1511.jar:?]
	at org.eclipse.jface.operation.ModalContext$ModalContextThread.run(ModalContext.java:122) [org.eclipse.jface_3.19.0.v20200218-1607.jar:?]
19:04:24 ERROR : Failed to create application project
org.eclipse.core.runtime.CoreException: Unexpected error occurred. Please check log for further details.
	at com.xilinx.sdx.sdk.core.gen.StandaloneProjectHandler.createCoreApp(StandaloneProjectHandler.java:150) ~[?:?]
	at com.xilinx.sdx.sdk.core.gen.AppCreationHandler.createApplication(AppCreationHandler.java:79) ~[?:?]
	at com.xilinx.sdx.sdk.core.gen.AppCreationHandler.execute(AppCreationHandler.java:69) ~[?:?]
	at com.xilinx.sdx.sdk.core.SdkAppCreationHandler.executeInternal(SdkAppCreationHandler.java:75) ~[?:?]
	at com.xilinx.sdx.sdk.core.SdkAppCreationHandler.lambda$1(SdkAppCreationHandler.java:67) ~[?:?]
	at org.eclipse.core.internal.resources.Workspace.run(Workspace.java:2292) ~[org.eclipse.core.resources_3.13.700.v20200209-1624.jar:?]
	at org.eclipse.core.internal.resources.Workspace.run(Workspace.java:2312) ~[org.eclipse.core.resources_3.13.700.v20200209-1624.jar:?]
	at com.xilinx.sdx.sdk.core.SdkAppCreationHandler.execute(SdkAppCreationHandler.java:66) ~[?:?]
	at com.xilinx.sdx.npw.NewProjectCreationHandler.createApplicationProject(NewProjectCreationHandler.java:237) ~[?:?]
	at com.xilinx.sdx.npw.NewProjectCreationHandler.internalExecute(NewProjectCreationHandler.java:385) ~[?:?]
	at com.xilinx.sdx.npw.NewProjectCreationHandler$1.execute(NewProjectCreationHandler.java:100) ~[?:?]
	at org.eclipse.ui.actions.WorkspaceModifyOperation.lambda$0(WorkspaceModifyOperation.java:110) ~[?:?]
	at org.eclipse.core.internal.resources.Workspace.run(Workspace.java:2292) [org.eclipse.core.resources_3.13.700.v20200209-1624.jar:?]
	at org.eclipse.core.internal.resources.Workspace.run(Workspace.java:2317) [org.eclipse.core.resources_3.13.700.v20200209-1624.jar:?]
	at org.eclipse.ui.actions.WorkspaceModifyOperation.run(WorkspaceModifyOperation.java:131) [org.eclipse.ui.ide_3.17.0.v20200217-1511.jar:?]
	at org.eclipse.jface.operation.ModalContext$ModalContextThread.run(ModalContext.java:122) [org.eclipse.jface_3.19.0.v20200218-1607.jar:?]
19:05:21 INFO  : Result from executing command 'getProjects': axi_gpio_plat
19:05:21 INFO  : Result from executing command 'getPlatforms': xilinx_zcu102_base_202310_1|C:/Xilinx/Vitis/2023.1/base_platforms/xilinx_zcu102_base_202310_1/xilinx_zcu102_base_202310_1.xpfm;xilinx_zcu102_base_dfx_202310_1|C:/Xilinx/Vitis/2023.1/base_platforms/xilinx_zcu102_base_dfx_202310_1/xilinx_zcu102_base_dfx_202310_1.xpfm;xilinx_zcu104_base_202310_1|C:/Xilinx/Vitis/2023.1/base_platforms/xilinx_zcu104_base_202310_1/xilinx_zcu104_base_202310_1.xpfm
19:05:46 INFO  : Result from executing command 'getProjects': axi_gpio_plat
19:05:46 INFO  : Result from executing command 'getPlatforms': axi_gpio_plat|C:/Users/Char/Documents/ECE_520/Fall_26/axi_gpio_caa/axi_gpio_vitis/axi_gpio_plat/export/axi_gpio_plat/axi_gpio_plat.xpfm;xilinx_zcu102_base_202310_1|C:/Xilinx/Vitis/2023.1/base_platforms/xilinx_zcu102_base_202310_1/xilinx_zcu102_base_202310_1.xpfm;xilinx_zcu102_base_dfx_202310_1|C:/Xilinx/Vitis/2023.1/base_platforms/xilinx_zcu102_base_dfx_202310_1/xilinx_zcu102_base_dfx_202310_1.xpfm;xilinx_zcu104_base_202310_1|C:/Xilinx/Vitis/2023.1/base_platforms/xilinx_zcu104_base_202310_1/xilinx_zcu104_base_202310_1.xpfm
19:06:14 ERROR : 
java.lang.NullPointerException: null
	at org.eclipse.cdt.managedbuilder.internal.core.BuildSettingsUtil.synchBuildInfo(BuildSettingsUtil.java:175) ~[?:?]
	at org.eclipse.cdt.managedbuilder.internal.core.BuildSettingsUtil.checkSynchBuildInfo(BuildSettingsUtil.java:166) ~[?:?]
	at org.eclipse.cdt.managedbuilder.internal.core.ManagedBuildInfo.setDefaultConfiguration(ManagedBuildInfo.java:800) ~[?:?]
	at org.eclipse.cdt.managedbuilder.core.ManagedBuildManager.setDefaultConfiguration(ManagedBuildManager.java:777) ~[?:?]
	at com.xilinx.sdk.managedbuilder.XMBSHelper.setDefaultConfiguration(XMBSHelper.java:185) ~[?:?]
	at com.xilinx.sdx.sdk.core.gen.ManagedAppCreator.createAndInitProject(ManagedAppCreator.java:67) ~[?:?]
	at com.xilinx.sdx.sdk.core.gen.ManagedAppCreator.create(ManagedAppCreator.java:52) ~[?:?]
	at com.xilinx.sdx.sdk.core.gen.StandaloneProjectHandler.createCoreApp(StandaloneProjectHandler.java:79) ~[?:?]
	at com.xilinx.sdx.sdk.core.gen.AppCreationHandler.createApplication(AppCreationHandler.java:79) ~[?:?]
	at com.xilinx.sdx.sdk.core.gen.AppCreationHandler.execute(AppCreationHandler.java:69) ~[?:?]
	at com.xilinx.sdx.sdk.core.SdkAppCreationHandler.executeInternal(SdkAppCreationHandler.java:75) ~[?:?]
	at com.xilinx.sdx.sdk.core.SdkAppCreationHandler.lambda$1(SdkAppCreationHandler.java:67) ~[?:?]
	at org.eclipse.core.internal.resources.Workspace.run(Workspace.java:2292) ~[org.eclipse.core.resources_3.13.700.v20200209-1624.jar:?]
	at org.eclipse.core.internal.resources.Workspace.run(Workspace.java:2312) ~[org.eclipse.core.resources_3.13.700.v20200209-1624.jar:?]
	at com.xilinx.sdx.sdk.core.SdkAppCreationHandler.execute(SdkAppCreationHandler.java:66) ~[?:?]
	at com.xilinx.sdx.npw.NewProjectCreationHandler.createApplicationProject(NewProjectCreationHandler.java:237) ~[?:?]
	at com.xilinx.sdx.npw.NewProjectCreationHandler.internalExecute(NewProjectCreationHandler.java:385) ~[?:?]
	at com.xilinx.sdx.npw.NewProjectCreationHandler$1.execute(NewProjectCreationHandler.java:100) ~[?:?]
	at org.eclipse.ui.actions.WorkspaceModifyOperation.lambda$0(WorkspaceModifyOperation.java:110) ~[?:?]
	at org.eclipse.core.internal.resources.Workspace.run(Workspace.java:2292) [org.eclipse.core.resources_3.13.700.v20200209-1624.jar:?]
	at org.eclipse.core.internal.resources.Workspace.run(Workspace.java:2317) [org.eclipse.core.resources_3.13.700.v20200209-1624.jar:?]
	at org.eclipse.ui.actions.WorkspaceModifyOperation.run(WorkspaceModifyOperation.java:131) [org.eclipse.ui.ide_3.17.0.v20200217-1511.jar:?]
	at org.eclipse.jface.operation.ModalContext$ModalContextThread.run(ModalContext.java:122) [org.eclipse.jface_3.19.0.v20200218-1607.jar:?]
19:06:14 ERROR : Failed to create application project
org.eclipse.core.runtime.CoreException: Unexpected error occurred. Please check log for further details.
	at com.xilinx.sdx.sdk.core.gen.StandaloneProjectHandler.createCoreApp(StandaloneProjectHandler.java:150) ~[?:?]
	at com.xilinx.sdx.sdk.core.gen.AppCreationHandler.createApplication(AppCreationHandler.java:79) ~[?:?]
	at com.xilinx.sdx.sdk.core.gen.AppCreationHandler.execute(AppCreationHandler.java:69) ~[?:?]
	at com.xilinx.sdx.sdk.core.SdkAppCreationHandler.executeInternal(SdkAppCreationHandler.java:75) ~[?:?]
	at com.xilinx.sdx.sdk.core.SdkAppCreationHandler.lambda$1(SdkAppCreationHandler.java:67) ~[?:?]
	at org.eclipse.core.internal.resources.Workspace.run(Workspace.java:2292) ~[org.eclipse.core.resources_3.13.700.v20200209-1624.jar:?]
	at org.eclipse.core.internal.resources.Workspace.run(Workspace.java:2312) ~[org.eclipse.core.resources_3.13.700.v20200209-1624.jar:?]
	at com.xilinx.sdx.sdk.core.SdkAppCreationHandler.execute(SdkAppCreationHandler.java:66) ~[?:?]
	at com.xilinx.sdx.npw.NewProjectCreationHandler.createApplicationProject(NewProjectCreationHandler.java:237) ~[?:?]
	at com.xilinx.sdx.npw.NewProjectCreationHandler.internalExecute(NewProjectCreationHandler.java:385) ~[?:?]
	at com.xilinx.sdx.npw.NewProjectCreationHandler$1.execute(NewProjectCreationHandler.java:100) ~[?:?]
	at org.eclipse.ui.actions.WorkspaceModifyOperation.lambda$0(WorkspaceModifyOperation.java:110) ~[?:?]
	at org.eclipse.core.internal.resources.Workspace.run(Workspace.java:2292) [org.eclipse.core.resources_3.13.700.v20200209-1624.jar:?]
	at org.eclipse.core.internal.resources.Workspace.run(Workspace.java:2317) [org.eclipse.core.resources_3.13.700.v20200209-1624.jar:?]
	at org.eclipse.ui.actions.WorkspaceModifyOperation.run(WorkspaceModifyOperation.java:131) [org.eclipse.ui.ide_3.17.0.v20200217-1511.jar:?]
	at org.eclipse.jface.operation.ModalContext$ModalContextThread.run(ModalContext.java:122) [org.eclipse.jface_3.19.0.v20200218-1607.jar:?]
19:07:46 INFO  : Disconnected from the channel tcfchan#5.
19:07:46 WARN  : channel "tcfchan#5" closed
19:07:46 WARN  : channel "tcfchan#5" closed
19:08:00 DEBUG : Logs will be stored at 'C:/Users/Char/Documents/ECE_520/Fall_26/axi_gpio_caa/axi_gpio_vitis/IDE.log'.
19:08:08 INFO  : Platform repository initialization has completed.
19:08:08 INFO  : Launching XSCT server: xsct.bat -n  -interactive C:\Users\Char\Documents\ECE_520\Fall_26\axi_gpio_caa\axi_gpio_vitis\temp_xsdb_launch_script.tcl
19:08:09 INFO  : Registering command handlers for Vitis TCF services
19:08:10 INFO  : XSCT server has started successfully.
19:08:10 INFO  : Successfully done setting XSCT server connection channel  
19:08:10 INFO  : plnx-install-location is set to ''
19:08:11 INFO  : Successfully done setting workspace for the tool. 
19:08:11 INFO  : Successfully done query RDI_DATADIR 
19:09:08 INFO  : Result from executing command 'getProjects': axi_gpio_plat
19:09:08 INFO  : Result from executing command 'getPlatforms': xilinx_zcu102_base_202310_1|C:/Xilinx/Vitis/2023.1/base_platforms/xilinx_zcu102_base_202310_1/xilinx_zcu102_base_202310_1.xpfm;xilinx_zcu102_base_dfx_202310_1|C:/Xilinx/Vitis/2023.1/base_platforms/xilinx_zcu102_base_dfx_202310_1/xilinx_zcu102_base_dfx_202310_1.xpfm;xilinx_zcu104_base_202310_1|C:/Xilinx/Vitis/2023.1/base_platforms/xilinx_zcu104_base_202310_1/xilinx_zcu104_base_202310_1.xpfm
19:09:34 INFO  : Result from executing command 'getProjects': axi_gpio_plat
19:09:34 INFO  : Result from executing command 'getPlatforms': axi_gpio_plat|C:/Users/Char/Documents/ECE_520/Fall_26/axi_gpio_caa/axi_gpio_vitis/axi_gpio_plat/export/axi_gpio_plat/axi_gpio_plat.xpfm;xilinx_zcu102_base_202310_1|C:/Xilinx/Vitis/2023.1/base_platforms/xilinx_zcu102_base_202310_1/xilinx_zcu102_base_202310_1.xpfm;xilinx_zcu102_base_dfx_202310_1|C:/Xilinx/Vitis/2023.1/base_platforms/xilinx_zcu102_base_dfx_202310_1/xilinx_zcu102_base_dfx_202310_1.xpfm;xilinx_zcu104_base_202310_1|C:/Xilinx/Vitis/2023.1/base_platforms/xilinx_zcu104_base_202310_1/xilinx_zcu104_base_202310_1.xpfm
19:12:20 INFO  : Checking for BSP changes to sync application flags for project 'axi_gpio_app'...
19:12:45 INFO  : Connected to target on host '127.0.0.1' and port '3121'.
19:12:45 INFO  : Jtag cable 'Digilent Zybo Z7 210351BE7AA2A' is selected.
19:12:45 INFO  : 'jtag frequency' command is executed.
19:12:45 INFO  : Context for 'APU' is selected.
19:12:45 INFO  : System reset is completed.
19:12:48 INFO  : 'after 3000' command is executed.
19:12:49 INFO  : 'targets -set -filter {jtag_cable_name =~ "Digilent Zybo Z7 210351BE7AA2A" && level==0 && jtag_device_ctx=="jsn-Zybo Z7-210351BE7AA2A-13722093-0"}' command is executed.
19:12:50 INFO  : Device configured successfully with "C:/Users/Char/Documents/ECE_520/Fall_26/axi_gpio_caa/axi_gpio_vitis/axi_gpio_app/_ide/bitstream/axi_gpio_caa_wrapper.bit"
19:12:50 INFO  : Context for 'APU' is selected.
19:12:50 INFO  : Hardware design and registers information is loaded from 'C:/Users/Char/Documents/ECE_520/Fall_26/axi_gpio_caa/axi_gpio_vitis/axi_gpio_plat/export/axi_gpio_plat/hw/axi_gpio_caa_wrapper.xsa'.
19:12:50 INFO  : 'configparams force-mem-access 1' command is executed.
19:12:50 INFO  : Context for 'APU' is selected.
19:12:50 INFO  : Sourcing of 'C:/Users/Char/Documents/ECE_520/Fall_26/axi_gpio_caa/axi_gpio_vitis/axi_gpio_app/_ide/psinit/ps7_init.tcl' is done.
19:12:50 INFO  : 'ps7_init' command is executed.
19:12:50 INFO  : 'ps7_post_config' command is executed.
19:12:50 INFO  : Context for processor 'ps7_cortexa9_0' is selected.
19:12:50 INFO  : The application 'C:/Users/Char/Documents/ECE_520/Fall_26/axi_gpio_caa/axi_gpio_vitis/axi_gpio_app/Debug/axi_gpio_app.elf' is downloaded to processor 'ps7_cortexa9_0'.
19:12:51 INFO  : 'configparams force-mem-access 0' command is executed.
19:12:51 INFO  : ----------------XSDB Script----------------
connect -url tcp:127.0.0.1:3121
targets -set -nocase -filter {name =~"APU*"}
rst -system
after 3000
targets -set -filter {jtag_cable_name =~ "Digilent Zybo Z7 210351BE7AA2A" && level==0 && jtag_device_ctx=="jsn-Zybo Z7-210351BE7AA2A-13722093-0"}
fpga -file C:/Users/Char/Documents/ECE_520/Fall_26/axi_gpio_caa/axi_gpio_vitis/axi_gpio_app/_ide/bitstream/axi_gpio_caa_wrapper.bit
targets -set -nocase -filter {name =~"APU*"}
loadhw -hw C:/Users/Char/Documents/ECE_520/Fall_26/axi_gpio_caa/axi_gpio_vitis/axi_gpio_plat/export/axi_gpio_plat/hw/axi_gpio_caa_wrapper.xsa -mem-ranges [list {0x40000000 0xbfffffff}] -regs
configparams force-mem-access 1
targets -set -nocase -filter {name =~"APU*"}
source C:/Users/Char/Documents/ECE_520/Fall_26/axi_gpio_caa/axi_gpio_vitis/axi_gpio_app/_ide/psinit/ps7_init.tcl
ps7_init
ps7_post_config
targets -set -nocase -filter {name =~ "*A9*#0"}
dow C:/Users/Char/Documents/ECE_520/Fall_26/axi_gpio_caa/axi_gpio_vitis/axi_gpio_app/Debug/axi_gpio_app.elf
configparams force-mem-access 0
----------------End of Script----------------

19:12:51 INFO  : Context for processor 'ps7_cortexa9_0' is selected.
19:12:51 INFO  : 'con' command is executed.
19:12:51 INFO  : ----------------XSDB Script (After Launch)----------------
targets -set -nocase -filter {name =~ "*A9*#0"}
con
----------------End of Script----------------

19:12:51 INFO  : Launch script is exported to file 'C:\Users\Char\Documents\ECE_520\Fall_26\axi_gpio_caa\axi_gpio_vitis\axi_gpio_app_system\_ide\scripts\debugger_axi_gpio_app-default.tcl'
19:19:24 INFO  : Checking for BSP changes to sync application flags for project 'axi_gpio_app'...
19:19:43 INFO  : Disconnected from the channel tcfchan#3.
19:19:44 INFO  : Connected to target on host '127.0.0.1' and port '3121'.
19:19:44 INFO  : Jtag cable 'Digilent Zybo Z7 210351BE7AA2A' is selected.
19:19:44 ERROR : port closed
19:19:44 INFO  : ----------------XSDB Script----------------
connect -url tcp:127.0.0.1:3121
----------------End of Script----------------

19:19:44 ERROR : port closed
19:19:49 INFO  : Connected to target on host '127.0.0.1' and port '3121'.
19:19:49 INFO  : Jtag cable 'Digilent Zybo Z7 210351BE7AA2A' is selected.
19:19:49 INFO  : 'jtag frequency' command is executed.
19:19:49 INFO  : Context for 'APU' is selected.
19:19:49 INFO  : System reset is completed.
19:19:52 INFO  : 'after 3000' command is executed.
19:19:53 INFO  : 'targets -set -filter {jtag_cable_name =~ "Digilent Zybo Z7 210351BE7AA2A" && level==0 && jtag_device_ctx=="jsn-Zybo Z7-210351BE7AA2A-13722093-0"}' command is executed.
19:19:54 INFO  : Device configured successfully with "C:/Users/Char/Documents/ECE_520/Fall_26/axi_gpio_caa/axi_gpio_vitis/axi_gpio_app/_ide/bitstream/axi_gpio_caa_wrapper.bit"
19:19:54 INFO  : Context for 'APU' is selected.
19:19:54 INFO  : Hardware design and registers information is loaded from 'C:/Users/Char/Documents/ECE_520/Fall_26/axi_gpio_caa/axi_gpio_vitis/axi_gpio_plat/export/axi_gpio_plat/hw/axi_gpio_caa_wrapper.xsa'.
19:19:54 INFO  : 'configparams force-mem-access 1' command is executed.
19:19:54 INFO  : Context for 'APU' is selected.
19:19:54 INFO  : Sourcing of 'C:/Users/Char/Documents/ECE_520/Fall_26/axi_gpio_caa/axi_gpio_vitis/axi_gpio_app/_ide/psinit/ps7_init.tcl' is done.
19:19:54 INFO  : 'ps7_init' command is executed.
19:19:54 INFO  : 'ps7_post_config' command is executed.
19:19:54 INFO  : Context for processor 'ps7_cortexa9_0' is selected.
19:19:54 INFO  : The application 'C:/Users/Char/Documents/ECE_520/Fall_26/axi_gpio_caa/axi_gpio_vitis/axi_gpio_app/Debug/axi_gpio_app.elf' is downloaded to processor 'ps7_cortexa9_0'.
19:19:54 INFO  : 'configparams force-mem-access 0' command is executed.
19:19:54 INFO  : ----------------XSDB Script----------------
connect -url tcp:127.0.0.1:3121
targets -set -nocase -filter {name =~"APU*"}
rst -system
after 3000
targets -set -filter {jtag_cable_name =~ "Digilent Zybo Z7 210351BE7AA2A" && level==0 && jtag_device_ctx=="jsn-Zybo Z7-210351BE7AA2A-13722093-0"}
fpga -file C:/Users/Char/Documents/ECE_520/Fall_26/axi_gpio_caa/axi_gpio_vitis/axi_gpio_app/_ide/bitstream/axi_gpio_caa_wrapper.bit
targets -set -nocase -filter {name =~"APU*"}
loadhw -hw C:/Users/Char/Documents/ECE_520/Fall_26/axi_gpio_caa/axi_gpio_vitis/axi_gpio_plat/export/axi_gpio_plat/hw/axi_gpio_caa_wrapper.xsa -mem-ranges [list {0x40000000 0xbfffffff}] -regs
configparams force-mem-access 1
targets -set -nocase -filter {name =~"APU*"}
source C:/Users/Char/Documents/ECE_520/Fall_26/axi_gpio_caa/axi_gpio_vitis/axi_gpio_app/_ide/psinit/ps7_init.tcl
ps7_init
ps7_post_config
targets -set -nocase -filter {name =~ "*A9*#0"}
dow C:/Users/Char/Documents/ECE_520/Fall_26/axi_gpio_caa/axi_gpio_vitis/axi_gpio_app/Debug/axi_gpio_app.elf
configparams force-mem-access 0
----------------End of Script----------------

19:19:54 INFO  : Context for processor 'ps7_cortexa9_0' is selected.
19:19:55 INFO  : 'con' command is executed.
19:19:55 INFO  : ----------------XSDB Script (After Launch)----------------
targets -set -nocase -filter {name =~ "*A9*#0"}
con
----------------End of Script----------------

19:19:55 INFO  : Launch script is exported to file 'C:\Users\Char\Documents\ECE_520\Fall_26\axi_gpio_caa\axi_gpio_vitis\axi_gpio_app_system\_ide\scripts\debugger_axi_gpio_app-default.tcl'
19:27:15 INFO  : Result from executing command 'getProjects': axi_gpio_plat
19:27:15 INFO  : Result from executing command 'getPlatforms': xilinx_zcu102_base_202310_1|C:/Xilinx/Vitis/2023.1/base_platforms/xilinx_zcu102_base_202310_1/xilinx_zcu102_base_202310_1.xpfm;xilinx_zcu102_base_dfx_202310_1|C:/Xilinx/Vitis/2023.1/base_platforms/xilinx_zcu102_base_dfx_202310_1/xilinx_zcu102_base_dfx_202310_1.xpfm;xilinx_zcu104_base_202310_1|C:/Xilinx/Vitis/2023.1/base_platforms/xilinx_zcu104_base_202310_1/xilinx_zcu104_base_202310_1.xpfm
19:27:36 INFO  : Result from executing command 'getProjects': axi_gpio_plat
19:27:36 INFO  : Result from executing command 'getPlatforms': axi_gpio_plat|C:/Users/Char/Documents/ECE_520/Fall_26/axi_gpio_caa/axi_gpio_vitis/axi_gpio_plat/export/axi_gpio_plat/axi_gpio_plat.xpfm;xilinx_zcu102_base_202310_1|C:/Xilinx/Vitis/2023.1/base_platforms/xilinx_zcu102_base_202310_1/xilinx_zcu102_base_202310_1.xpfm;xilinx_zcu102_base_dfx_202310_1|C:/Xilinx/Vitis/2023.1/base_platforms/xilinx_zcu102_base_dfx_202310_1/xilinx_zcu102_base_dfx_202310_1.xpfm;xilinx_zcu104_base_202310_1|C:/Xilinx/Vitis/2023.1/base_platforms/xilinx_zcu104_base_202310_1/xilinx_zcu104_base_202310_1.xpfm
19:28:20 INFO  : Checking for BSP changes to sync application flags for project 'axi_gpio_app'...
19:28:24 INFO  : Checking for BSP changes to sync application flags for project 'axi_gpio_app'...
19:28:42 INFO  : Connected to target on host '127.0.0.1' and port '3121'.
19:28:42 INFO  : Jtag cable 'Digilent Zybo Z7 210351BE7AA2A' is selected.
19:28:42 INFO  : 'jtag frequency' command is executed.
19:28:42 INFO  : Context for 'APU' is selected.
19:28:42 INFO  : System reset is completed.
19:28:45 INFO  : 'after 3000' command is executed.
19:28:45 INFO  : 'targets -set -filter {jtag_cable_name =~ "Digilent Zybo Z7 210351BE7AA2A" && level==0 && jtag_device_ctx=="jsn-Zybo Z7-210351BE7AA2A-13722093-0"}' command is executed.
19:28:46 INFO  : Device configured successfully with "C:/Users/Char/Documents/ECE_520/Fall_26/axi_gpio_caa/axi_gpio_vitis/axi_gpio_app/_ide/bitstream/axi_gpio_caa_wrapper.bit"
19:28:46 INFO  : Context for 'APU' is selected.
19:28:46 INFO  : Hardware design and registers information is loaded from 'C:/Users/Char/Documents/ECE_520/Fall_26/axi_gpio_caa/axi_gpio_vitis/axi_gpio_plat/export/axi_gpio_plat/hw/axi_gpio_caa_wrapper.xsa'.
19:28:46 INFO  : 'configparams force-mem-access 1' command is executed.
19:28:46 INFO  : Context for 'APU' is selected.
19:28:46 INFO  : Sourcing of 'C:/Users/Char/Documents/ECE_520/Fall_26/axi_gpio_caa/axi_gpio_vitis/axi_gpio_app/_ide/psinit/ps7_init.tcl' is done.
19:28:47 INFO  : 'ps7_init' command is executed.
19:28:47 INFO  : 'ps7_post_config' command is executed.
19:28:47 INFO  : Context for processor 'ps7_cortexa9_0' is selected.
19:28:47 INFO  : The application 'C:/Users/Char/Documents/ECE_520/Fall_26/axi_gpio_caa/axi_gpio_vitis/axi_gpio_app/Debug/axi_gpio_app.elf' is downloaded to processor 'ps7_cortexa9_0'.
19:28:47 INFO  : 'configparams force-mem-access 0' command is executed.
19:28:47 INFO  : ----------------XSDB Script----------------
connect -url tcp:127.0.0.1:3121
targets -set -nocase -filter {name =~"APU*"}
rst -system
after 3000
targets -set -filter {jtag_cable_name =~ "Digilent Zybo Z7 210351BE7AA2A" && level==0 && jtag_device_ctx=="jsn-Zybo Z7-210351BE7AA2A-13722093-0"}
fpga -file C:/Users/Char/Documents/ECE_520/Fall_26/axi_gpio_caa/axi_gpio_vitis/axi_gpio_app/_ide/bitstream/axi_gpio_caa_wrapper.bit
targets -set -nocase -filter {name =~"APU*"}
loadhw -hw C:/Users/Char/Documents/ECE_520/Fall_26/axi_gpio_caa/axi_gpio_vitis/axi_gpio_plat/export/axi_gpio_plat/hw/axi_gpio_caa_wrapper.xsa -mem-ranges [list {0x40000000 0xbfffffff}] -regs
configparams force-mem-access 1
targets -set -nocase -filter {name =~"APU*"}
source C:/Users/Char/Documents/ECE_520/Fall_26/axi_gpio_caa/axi_gpio_vitis/axi_gpio_app/_ide/psinit/ps7_init.tcl
ps7_init
ps7_post_config
targets -set -nocase -filter {name =~ "*A9*#0"}
dow C:/Users/Char/Documents/ECE_520/Fall_26/axi_gpio_caa/axi_gpio_vitis/axi_gpio_app/Debug/axi_gpio_app.elf
configparams force-mem-access 0
----------------End of Script----------------

19:28:47 INFO  : Context for processor 'ps7_cortexa9_0' is selected.
19:28:47 INFO  : 'con' command is executed.
19:28:47 INFO  : ----------------XSDB Script (After Launch)----------------
targets -set -nocase -filter {name =~ "*A9*#0"}
con
----------------End of Script----------------

19:28:47 INFO  : Launch script is exported to file 'C:\Users\Char\Documents\ECE_520\Fall_26\axi_gpio_caa\axi_gpio_vitis\axi_gpio_app_system\_ide\scripts\debugger_axi_gpio_app-default.tcl'
19:30:48 INFO  : Checking for BSP changes to sync application flags for project 'axi_gpio_app'...
19:30:59 INFO  : Disconnected from the channel tcfchan#5.
19:31:00 INFO  : Connected to target on host '127.0.0.1' and port '3121'.
19:31:00 INFO  : Jtag cable 'Digilent Zybo Z7 210351BE7AA2A' is selected.
19:31:00 INFO  : 'jtag frequency' command is executed.
19:31:00 INFO  : Context for 'APU' is selected.
19:31:00 INFO  : System reset is completed.
19:31:03 INFO  : 'after 3000' command is executed.
19:31:03 INFO  : 'targets -set -filter {jtag_cable_name =~ "Digilent Zybo Z7 210351BE7AA2A" && level==0 && jtag_device_ctx=="jsn-Zybo Z7-210351BE7AA2A-13722093-0"}' command is executed.
19:31:05 INFO  : Device configured successfully with "C:/Users/Char/Documents/ECE_520/Fall_26/axi_gpio_caa/axi_gpio_vitis/axi_gpio_app/_ide/bitstream/axi_gpio_caa_wrapper.bit"
19:31:05 INFO  : Context for 'APU' is selected.
19:31:05 INFO  : Hardware design and registers information is loaded from 'C:/Users/Char/Documents/ECE_520/Fall_26/axi_gpio_caa/axi_gpio_vitis/axi_gpio_plat/export/axi_gpio_plat/hw/axi_gpio_caa_wrapper.xsa'.
19:31:05 INFO  : 'configparams force-mem-access 1' command is executed.
19:31:05 INFO  : Context for 'APU' is selected.
19:31:05 INFO  : Sourcing of 'C:/Users/Char/Documents/ECE_520/Fall_26/axi_gpio_caa/axi_gpio_vitis/axi_gpio_app/_ide/psinit/ps7_init.tcl' is done.
19:31:05 INFO  : 'ps7_init' command is executed.
19:31:05 INFO  : 'ps7_post_config' command is executed.
19:31:05 INFO  : Context for processor 'ps7_cortexa9_0' is selected.
19:31:05 INFO  : The application 'C:/Users/Char/Documents/ECE_520/Fall_26/axi_gpio_caa/axi_gpio_vitis/axi_gpio_app/Debug/axi_gpio_app.elf' is downloaded to processor 'ps7_cortexa9_0'.
19:31:05 INFO  : 'configparams force-mem-access 0' command is executed.
19:31:05 INFO  : ----------------XSDB Script----------------
connect -url tcp:127.0.0.1:3121
targets -set -nocase -filter {name =~"APU*"}
rst -system
after 3000
targets -set -filter {jtag_cable_name =~ "Digilent Zybo Z7 210351BE7AA2A" && level==0 && jtag_device_ctx=="jsn-Zybo Z7-210351BE7AA2A-13722093-0"}
fpga -file C:/Users/Char/Documents/ECE_520/Fall_26/axi_gpio_caa/axi_gpio_vitis/axi_gpio_app/_ide/bitstream/axi_gpio_caa_wrapper.bit
targets -set -nocase -filter {name =~"APU*"}
loadhw -hw C:/Users/Char/Documents/ECE_520/Fall_26/axi_gpio_caa/axi_gpio_vitis/axi_gpio_plat/export/axi_gpio_plat/hw/axi_gpio_caa_wrapper.xsa -mem-ranges [list {0x40000000 0xbfffffff}] -regs
configparams force-mem-access 1
targets -set -nocase -filter {name =~"APU*"}
source C:/Users/Char/Documents/ECE_520/Fall_26/axi_gpio_caa/axi_gpio_vitis/axi_gpio_app/_ide/psinit/ps7_init.tcl
ps7_init
ps7_post_config
targets -set -nocase -filter {name =~ "*A9*#0"}
dow C:/Users/Char/Documents/ECE_520/Fall_26/axi_gpio_caa/axi_gpio_vitis/axi_gpio_app/Debug/axi_gpio_app.elf
configparams force-mem-access 0
----------------End of Script----------------

19:31:05 INFO  : Context for processor 'ps7_cortexa9_0' is selected.
19:31:05 INFO  : 'con' command is executed.
19:31:05 INFO  : ----------------XSDB Script (After Launch)----------------
targets -set -nocase -filter {name =~ "*A9*#0"}
con
----------------End of Script----------------

19:31:05 INFO  : Launch script is exported to file 'C:\Users\Char\Documents\ECE_520\Fall_26\axi_gpio_caa\axi_gpio_vitis\axi_gpio_app_system\_ide\scripts\debugger_axi_gpio_app-default.tcl'
19:32:56 INFO  : Checking for BSP changes to sync application flags for project 'axi_gpio_app'...
19:33:10 INFO  : Disconnected from the channel tcfchan#9.
19:33:11 INFO  : Connected to target on host '127.0.0.1' and port '3121'.
19:33:11 INFO  : Jtag cable 'Digilent Zybo Z7 210351BE7AA2A' is selected.
19:33:11 INFO  : 'jtag frequency' command is executed.
19:33:11 INFO  : Context for 'APU' is selected.
19:33:11 INFO  : System reset is completed.
19:33:14 INFO  : 'after 3000' command is executed.
19:33:14 INFO  : 'targets -set -filter {jtag_cable_name =~ "Digilent Zybo Z7 210351BE7AA2A" && level==0 && jtag_device_ctx=="jsn-Zybo Z7-210351BE7AA2A-13722093-0"}' command is executed.
19:33:15 INFO  : Device configured successfully with "C:/Users/Char/Documents/ECE_520/Fall_26/axi_gpio_caa/axi_gpio_vitis/axi_gpio_app/_ide/bitstream/axi_gpio_caa_wrapper.bit"
19:33:15 INFO  : Context for 'APU' is selected.
19:33:16 INFO  : Hardware design and registers information is loaded from 'C:/Users/Char/Documents/ECE_520/Fall_26/axi_gpio_caa/axi_gpio_vitis/axi_gpio_plat/export/axi_gpio_plat/hw/axi_gpio_caa_wrapper.xsa'.
19:33:16 INFO  : 'configparams force-mem-access 1' command is executed.
19:33:16 INFO  : Context for 'APU' is selected.
19:33:16 INFO  : Sourcing of 'C:/Users/Char/Documents/ECE_520/Fall_26/axi_gpio_caa/axi_gpio_vitis/axi_gpio_app/_ide/psinit/ps7_init.tcl' is done.
19:33:16 INFO  : 'ps7_init' command is executed.
19:33:16 INFO  : 'ps7_post_config' command is executed.
19:33:16 INFO  : Context for processor 'ps7_cortexa9_0' is selected.
19:33:16 INFO  : The application 'C:/Users/Char/Documents/ECE_520/Fall_26/axi_gpio_caa/axi_gpio_vitis/axi_gpio_app/Debug/axi_gpio_app.elf' is downloaded to processor 'ps7_cortexa9_0'.
19:33:16 INFO  : 'configparams force-mem-access 0' command is executed.
19:33:16 INFO  : ----------------XSDB Script----------------
connect -url tcp:127.0.0.1:3121
targets -set -nocase -filter {name =~"APU*"}
rst -system
after 3000
targets -set -filter {jtag_cable_name =~ "Digilent Zybo Z7 210351BE7AA2A" && level==0 && jtag_device_ctx=="jsn-Zybo Z7-210351BE7AA2A-13722093-0"}
fpga -file C:/Users/Char/Documents/ECE_520/Fall_26/axi_gpio_caa/axi_gpio_vitis/axi_gpio_app/_ide/bitstream/axi_gpio_caa_wrapper.bit
targets -set -nocase -filter {name =~"APU*"}
loadhw -hw C:/Users/Char/Documents/ECE_520/Fall_26/axi_gpio_caa/axi_gpio_vitis/axi_gpio_plat/export/axi_gpio_plat/hw/axi_gpio_caa_wrapper.xsa -mem-ranges [list {0x40000000 0xbfffffff}] -regs
configparams force-mem-access 1
targets -set -nocase -filter {name =~"APU*"}
source C:/Users/Char/Documents/ECE_520/Fall_26/axi_gpio_caa/axi_gpio_vitis/axi_gpio_app/_ide/psinit/ps7_init.tcl
ps7_init
ps7_post_config
targets -set -nocase -filter {name =~ "*A9*#0"}
dow C:/Users/Char/Documents/ECE_520/Fall_26/axi_gpio_caa/axi_gpio_vitis/axi_gpio_app/Debug/axi_gpio_app.elf
configparams force-mem-access 0
----------------End of Script----------------

19:33:16 INFO  : Context for processor 'ps7_cortexa9_0' is selected.
19:33:16 INFO  : 'con' command is executed.
19:33:16 INFO  : ----------------XSDB Script (After Launch)----------------
targets -set -nocase -filter {name =~ "*A9*#0"}
con
----------------End of Script----------------

19:33:16 INFO  : Launch script is exported to file 'C:\Users\Char\Documents\ECE_520\Fall_26\axi_gpio_caa\axi_gpio_vitis\axi_gpio_app_system\_ide\scripts\debugger_axi_gpio_app-default.tcl'
19:47:34 WARN  : channel "tcfchan#5" closed
19:47:34 INFO  : Disconnected from the channel tcfchan#11.
