Nothing to build in platform 'axi_gpio_plat'

19:32:56 **** Incremental Build of configuration Debug for project axi_gpio_app ****
make all 
make --no-print-directory pre-build
a9-linaro-pre-build-step
' '
make --no-print-directory main-build
'Building file: ../src/helloworld.c'
'Invoking: ARM v7 gcc compiler'
arm-none-eabi-gcc -Wall -O0 -g3 -c -fmessage-length=0 -MT"src/helloworld.o" -mcpu=cortex-a9 -mfpu=vfpv3 -mfloat-abi=hard -IC:/Users/Char/Documents/ECE_520/Fall_26/axi_gpio_caa/axi_gpio_vitis/axi_gpio_plat/export/axi_gpio_plat/sw/axi_gpio_plat/standalone_domain/bspinclude/include -MMD -MP -MF"src/helloworld.d" -MT"src/helloworld.o" -o "src/helloworld.o" "../src/helloworld.c"
'Finished building: ../src/helloworld.c'
' '
'Building target: axi_gpio_app.elf'
'Invoking: ARM v7 gcc linker'
arm-none-eabi-gcc -mcpu=cortex-a9 -mfpu=vfpv3 -mfloat-abi=hard -Wl,-build-id=none -specs=Xilinx.spec -Wl,-T -Wl,../src/lscript.ld -LC:/Users/Char/Documents/ECE_520/Fall_26/axi_gpio_caa/axi_gpio_vitis/axi_gpio_plat/export/axi_gpio_plat/sw/axi_gpio_plat/standalone_domain/bsplib/lib -o "axi_gpio_app.elf"  ./src/helloworld.o ./src/platform.o   -Wl,--start-group,-lxil,-lgcc,-lc,--end-group
'Finished building target: axi_gpio_app.elf'
' '
'Invoking: ARM v7 Print Size'
arm-none-eabi-size axi_gpio_app.elf  |tee "axi_gpio_app.elf.size"
   text	   data	    bss	    dec	    hex	filename
  24137	   1192	  22584	  47913	   bb29	axi_gpio_app.elf
'Finished building: axi_gpio_app.elf.size'
' '
19:32:57 **** Incremental Build of configuration Debug for project axi_gpio_app_system ****
make all 
Generating bif file for the system project
generate_system_bif.bat 57542 C:/Users/Char/Documents/ECE_520/Fall_26/axi_gpio_caa/axi_gpio_vitis/axi_gpio_plat/export/axi_gpio_plat/axi_gpio_plat.xpfm standalone_domain C:/Users/Char/Documents/ECE_520/Fall_26/axi_gpio_caa/axi_gpio_vitis/axi_gpio_app_system/Debug/system.bif
ECHO is off.
ECHO is off.
sdcard_gen --xpfm C:/Users/Char/Documents/ECE_520/Fall_26/axi_gpio_caa/axi_gpio_vitis/axi_gpio_plat/export/axi_gpio_plat/axi_gpio_plat.xpfm --sys_config axi_gpio_plat --bif C:/Users/Char/Documents/ECE_520/Fall_26/axi_gpio_caa/axi_gpio_vitis/axi_gpio_app_system/Debug/system.bif --bitstream C:/Users/Char/Documents/ECE_520/Fall_26/axi_gpio_caa/axi_gpio_vitis/axi_gpio_app/_ide/bitstream/axi_gpio_caa_wrapper.bit --elf C:/Users/Char/Documents/ECE_520/Fall_26/axi_gpio_caa/axi_gpio_vitis/axi_gpio_app/Debug/axi_gpio_app.elf,ps7_cortexa9_0
ECHO is off.
ECHO is off.
creating BOOT.BIN using C:/Users/Char/Documents/ECE_520/Fall_26/axi_gpio_caa/axi_gpio_vitis/axi_gpio_app/_ide/bitstream/axi_gpio_caa_wrapper.bit
Running C:/Xilinx/Vitis/2023.1/bin/bootgen  -image C:/Users/Char/Documents/ECE_520/Fall_26/axi_gpio_caa/axi_gpio_vitis/axi_gpio_app_system/Debug/sd_card_temp/boot.bif -w -o i BOOT.BIN
